// Jest Snapshot v1, https://goo.gl/fbAQLP

exports[`AvatarIcon rendered correctly 1`] = `
<Image
  accessibilityState={
    {
      "busy": undefined,
      "checked": undefined,
      "disabled": undefined,
      "expanded": undefined,
      "selected": undefined,
    }
  }
  accessible={true}
  focusable={true}
  onClick={[Function]}
  onResponderGrant={[Function]}
  onResponderMove={[Function]}
  onResponderRelease={[Function]}
  onResponderTerminate={[Function]}
  onResponderTerminationRequest={[Function]}
  onStartShouldSetResponder={[Function]}
  style={
    [
      {
        "height": 24,
        "width": 24,
      },
      undefined,
      {
        "borderRadius": 1000,
      },
      undefined,
    ]
  }
/>
`;
